
Configuration:
----------------------------------------------
requirement_list     : ../tb/maintenance_tb/req_file.csv
partial_cov          : ../sim/pc_3.csv
requirement_map_list : None
spec_cov             : ../sim/sc_3.csv
clean                : False
strictness           : 0
config               : None


SUMMARY:
----------------------------------------------
Number of compliant requirements     : 2
Number of non compliant requirements : 0
Number of non verified requirements  : 7
Number of not listed requirements    : 1
Number of passing testcases : 3
Number of failing testcases : 0
Number of not run testcases : 7


Compliant requirement(s) :
REQ_3, REQ_10, 

Not verified requirement(s) :
REQ_1, REQ_2, REQ_4, REQ_5, REQ_6, REQ_7, REQ_88, 

Not listed requirement(s) :
REQ_10, 

Passing testcase(s) :
TC_3, TC_50, TC_1, 

Not run testcase(s) :
TC_2, TC_4, TC_4_FAIL, TC_5, TC_6, TC_7, TC_8, 

