
Configuration:
----------------------------------------------
requirement_list     : ../tb/maintenance_tb/req_file.csv
partial_cov          : ../sim/pc_7.csv
requirement_map_list : None
spec_cov             : ../sim/sc_7.csv
clean                : False
strictness           : 0
config               : None


SUMMARY:
----------------------------------------------
Number of compliant requirements     : 0
Number of non compliant requirements : 0
Number of non verified requirements  : 8
Number of not listed requirements    : 0
Number of passing testcases : 0
Number of failing testcases : 0
Number of not run testcases : 9


Not verified requirement(s) :
REQ_1, REQ_2, REQ_3, REQ_4, REQ_5, REQ_6, REQ_7, REQ_88, 

Not run testcase(s) :
TC_7, TC_1, TC_2, TC_3, TC_4, TC_4_FAIL, TC_5, TC_6, TC_8, 

