
Configuration:
----------------------------------------------
requirement_list     : ../tb/maintenance_tb/sub_req_file.csv
partial_cov          : ../sim/pc_9.csv
requirement_map_list : ../tb/maintenance_tb/sub_req_map_file.csv
spec_cov             : ../sim/sc_9_1.csv
clean                : False
strictness           : 1
config               : ../tb/maintenance_tb/cfg_2_strict_1.txt


SUMMARY:
----------------------------------------------
Number of compliant requirements     : 0
Number of non compliant requirements : 5
Number of non verified requirements  : 0
Number of not listed requirements    : 0
Number of user omitted requirements  : 1
Number of passing testcases : 0
Number of failing testcases : 1
Number of not run testcases : 6


Non compliant requirement(s) :
UART_REQ_BR_A, UART_REQ_BR_B, UART_REQ_ODD, UART_REQ_EVEN, UART_REQ_GENERAL, 

User omitted requirement(s) :
UART_REQ_OMIT, 

Failing testcase(s) :
TC_SUB_REQ, 

Not run testcase(s) :
TC_5, TC_6, TC_1, TC_2, TC_3, TC_SUB_REQ_OMIT, 

