NOTE: This coverage file is only valid when the last line is 'SUMMARY, TC_2, PASS'
TESTCASE_NAME: TC_2
DELIMITER: ,

REQ_2,TC_2,PASS
SUMMARY, TC_2, PASS
