Requirement,Testcase,Compliance
UART_REQ_BR_A,TC_SUB_REQ,COMPLIANT
UART_REQ_ODD,TC_SUB_REQ,COMPLIANT
UART_REQ_EVEN,TC_SUB_REQ,COMPLIANT
UART_REQ_BR_B,,NOT_TESTED
UART_REQ_OMIT,,NOT_TESTED
UART_REQ_GENERAL_OMIT,,NOT_TESTED
