Requirement,Testcase,Compliance
UART_REQ_BR_A,TC_SUB_REQ_OMIT,NON_COMPLIANT
UART_REQ_BR_B,TC_SUB_REQ_OMIT,NON_COMPLIANT
UART_REQ_ODD,TC_SUB_REQ_OMIT,NON_COMPLIANT
UART_REQ_EVEN,TC_SUB_REQ_OMIT,NON_COMPLIANT
UART_REQ_OMIT,TC_SUB_REQ_OMIT,NON_COMPLIANT
UART_REQ_GENERAL_OMIT,,NOT_TESTED
