Requirement,Testcase(s),Compliance
UART_REQ_BR_A,TC_SUB_REQ ,COMPLIANT
UART_REQ_BR_B,,NOT_TESTED
UART_REQ_ODD,TC_SUB_REQ TC_5 TC_6 ,COMPLIANT
UART_REQ_EVEN,TC_SUB_REQ TC_1 TC_2 TC_3 ,COMPLIANT
UART_REQ_OMIT,,NOT_TESTED
UART_REQ_GENERAL_OMIT,TC_SUB_REQ TC_5 TC_6 TC_1 TC_2 TC_3 ,NON_COMPLIANT



Requirement,Sub-Requirement(s)
UART_REQ_GENERAL_OMIT, UART_REQ_BR_A UART_REQ_BR_B UART_REQ_ODD UART_REQ_EVEN UART_REQ_OMIT
User omitted requirement(s)
UART_REQ_OMIT
