Requirement,Testcase,Compliance
UART_REQ_BR_A,TC_SUB_REQ,COMPLIANT
UART_REQ_BR_B,TC_SUB_REQ,COMPLIANT
UART_REQ_ODD,TC_SUB_REQ,COMPLIANT
UART_REQ_EVEN,TC_SUB_REQ,COMPLIANT
UART_REQ_GENERAL,,NOT_TESTED
