Requirement,Testcase,Compliance
UART_REQ_BR_A,TC_SUB_REQ,NON_COMPLIANT
UART_REQ_BR_B,TC_SUB_REQ,NON_COMPLIANT
UART_REQ_ODD,TC_SUB_REQ,NON_COMPLIANT
UART_REQ_EVEN,TC_SUB_REQ,NON_COMPLIANT
UART_REQ_OMIT,,NOT_TESTED
UART_REQ_GENERAL,,NOT_TESTED
